[2026-03-30T18:13:29.917Z] ReferenceError: newNoteee is not defined
    at /home/dharshan/aidevops/app/backend/server.js:44:30
    at Layer.handleRequest (/home/dharshan/aidevops/app/backend/node_modules/router/lib/layer.js:152:17)
    at next (/home/dharshan/aidevops/app/backend/node_modules/router/lib/route.js:157:13)
    at Route.dispatch (/home/dharshan/aidevops/app/backend/node_modules/router/lib/route.js:117:3)
    at handle (/home/dharshan/aidevops/app/backend/node_modules/router/index.js:435:11)
    at Layer.handleRequest (/home/dharshan/aidevops/app/backend/node_modules/router/lib/layer.js:152:17)
    at /home/dharshan/aidevops/app/backend/node_modules/router/index.js:295:15
    at processParams (/home/dharshan/aidevops/app/backend/node_modules/router/index.js:582:12)
    at next (/home/dharshan/aidevops/app/backend/node_modules/router/index.js:291:5)
    at /home/dharshan/aidevops/app/backend/node_modules/body-parser/lib/read.js:171:5
[2026-03-30T18:13:30.056Z] ReferenceError: newNoteee is not defined
    at /home/dharshan/aidevops/app/backend/server.js:44:30
    at Layer.handleRequest (/home/dharshan/aidevops/app/backend/node_modules/router/lib/layer.js:152:17)
    at next (/home/dharshan/aidevops/app/backend/node_modules/router/lib/route.js:157:13)
    at Route.dispatch (/home/dharshan/aidevops/app/backend/node_modules/router/lib/route.js:117:3)
    at handle (/home/dharshan/aidevops/app/backend/node_modules/router/index.js:435:11)
    at Layer.handleRequest (/home/dharshan/aidevops/app/backend/node_modules/router/lib/layer.js:152:17)
    at /home/dharshan/aidevops/app/backend/node_modules/router/index.js:295:15
    at processParams (/home/dharshan/aidevops/app/backend/node_modules/router/index.js:582:12)
    at next (/home/dharshan/aidevops/app/backend/node_modules/router/index.js:291:5)
    at /home/dharshan/aidevops/app/backend/node_modules/body-parser/lib/read.js:171:5
[2026-03-30T18:13:30.234Z] ReferenceError: newNoteee is not defined
    at /home/dharshan/aidevops/app/backend/server.js:44:30
    at Layer.handleRequest (/home/dharshan/aidevops/app/backend/node_modules/router/lib/layer.js:152:17)
    at next (/home/dharshan/aidevops/app/backend/node_modules/router/lib/route.js:157:13)
    at Route.dispatch (/home/dharshan/aidevops/app/backend/node_modules/router/lib/route.js:117:3)
    at handle (/home/dharshan/aidevops/app/backend/node_modules/router/index.js:435:11)
    at Layer.handleRequest (/home/dharshan/aidevops/app/backend/node_modules/router/lib/layer.js:152:17)
    at /home/dharshan/aidevops/app/backend/node_modules/router/index.js:295:15
    at processParams (/home/dharshan/aidevops/app/backend/node_modules/router/index.js:582:12)
    at next (/home/dharshan/aidevops/app/backend/node_modules/router/index.js:291:5)
    at /home/dharshan/aidevops/app/backend/node_modules/body-parser/lib/read.js:171:5
