[2026-03-31T14:15:59.785Z] ReferenceError: createdNotee is not defined
    at createNote (/home/dharshan/aidevops/app/backend/controllers/notesController.js:21:41)
    at Layer.handleRequest (/home/dharshan/aidevops/app/backend/node_modules/router/lib/layer.js:152:17)
    at next (/home/dharshan/aidevops/app/backend/node_modules/router/lib/route.js:157:13)
    at Route.dispatch (/home/dharshan/aidevops/app/backend/node_modules/router/lib/route.js:117:3)
    at handle (/home/dharshan/aidevops/app/backend/node_modules/router/index.js:435:11)
    at Layer.handleRequest (/home/dharshan/aidevops/app/backend/node_modules/router/lib/layer.js:152:17)
    at /home/dharshan/aidevops/app/backend/node_modules/router/index.js:295:15
    at processParams (/home/dharshan/aidevops/app/backend/node_modules/router/index.js:582:12)
    at next (/home/dharshan/aidevops/app/backend/node_modules/router/index.js:291:5)
    at router.handle (/home/dharshan/aidevops/app/backend/node_modules/router/index.js:186:3)
[2026-03-31T14:22:31.936Z] ReferenceError: createdNotee is not defined
    at createNote (/home/dharshan/aidevops/app/backend/controllers/notesController.js:21:37)
    at Layer.handleRequest (/home/dharshan/aidevops/app/backend/node_modules/router/lib/layer.js:152:17)
    at next (/home/dharshan/aidevops/app/backend/node_modules/router/lib/route.js:157:13)
    at Route.dispatch (/home/dharshan/aidevops/app/backend/node_modules/router/lib/route.js:117:3)
    at handle (/home/dharshan/aidevops/app/backend/node_modules/router/index.js:435:11)
    at Layer.handleRequest (/home/dharshan/aidevops/app/backend/node_modules/router/lib/layer.js:152:17)
    at /home/dharshan/aidevops/app/backend/node_modules/router/index.js:295:15
    at processParams (/home/dharshan/aidevops/app/backend/node_modules/router/index.js:582:12)
    at next (/home/dharshan/aidevops/app/backend/node_modules/router/index.js:291:5)
    at router.handle (/home/dharshan/aidevops/app/backend/node_modules/router/index.js:186:3)
[2026-03-31T14:22:51.567Z] ReferenceError: createdNotee is not defined
    at createNote (/home/dharshan/aidevops/app/backend/controllers/notesController.js:21:37)
    at Layer.handleRequest (/home/dharshan/aidevops/app/backend/node_modules/router/lib/layer.js:152:17)
    at next (/home/dharshan/aidevops/app/backend/node_modules/router/lib/route.js:157:13)
    at Route.dispatch (/home/dharshan/aidevops/app/backend/node_modules/router/lib/route.js:117:3)
    at handle (/home/dharshan/aidevops/app/backend/node_modules/router/index.js:435:11)
    at Layer.handleRequest (/home/dharshan/aidevops/app/backend/node_modules/router/lib/layer.js:152:17)
    at /home/dharshan/aidevops/app/backend/node_modules/router/index.js:295:15
    at processParams (/home/dharshan/aidevops/app/backend/node_modules/router/index.js:582:12)
    at next (/home/dharshan/aidevops/app/backend/node_modules/router/index.js:291:5)
    at router.handle (/home/dharshan/aidevops/app/backend/node_modules/router/index.js:186:3)
[2026-03-31T14:23:03.948Z] ReferenceError: createdNotee is not defined
    at createNote (/home/dharshan/aidevops/app/backend/controllers/notesController.js:21:37)
    at Layer.handleRequest (/home/dharshan/aidevops/app/backend/node_modules/router/lib/layer.js:152:17)
    at next (/home/dharshan/aidevops/app/backend/node_modules/router/lib/route.js:157:13)
    at Route.dispatch (/home/dharshan/aidevops/app/backend/node_modules/router/lib/route.js:117:3)
    at handle (/home/dharshan/aidevops/app/backend/node_modules/router/index.js:435:11)
    at Layer.handleRequest (/home/dharshan/aidevops/app/backend/node_modules/router/lib/layer.js:152:17)
    at /home/dharshan/aidevops/app/backend/node_modules/router/index.js:295:15
    at processParams (/home/dharshan/aidevops/app/backend/node_modules/router/index.js:582:12)
    at next (/home/dharshan/aidevops/app/backend/node_modules/router/index.js:291:5)
    at router.handle (/home/dharshan/aidevops/app/backend/node_modules/router/index.js:186:3)
[2026-03-31T14:23:48.520Z] ReferenceError: createdNotee is not defined
    at createNote (/home/dharshan/aidevops/app/backend/controllers/notesController.js:21:37)
    at Layer.handleRequest (/home/dharshan/aidevops/app/backend/node_modules/router/lib/layer.js:152:17)
    at next (/home/dharshan/aidevops/app/backend/node_modules/router/lib/route.js:157:13)
    at Route.dispatch (/home/dharshan/aidevops/app/backend/node_modules/router/lib/route.js:117:3)
    at handle (/home/dharshan/aidevops/app/backend/node_modules/router/index.js:435:11)
    at Layer.handleRequest (/home/dharshan/aidevops/app/backend/node_modules/router/lib/layer.js:152:17)
    at /home/dharshan/aidevops/app/backend/node_modules/router/index.js:295:15
    at processParams (/home/dharshan/aidevops/app/backend/node_modules/router/index.js:582:12)
    at next (/home/dharshan/aidevops/app/backend/node_modules/router/index.js:291:5)
    at router.handle (/home/dharshan/aidevops/app/backend/node_modules/router/index.js:186:3)
