[2026-03-31T08:50:00.571Z]
File: /home/dharshan/aidevops/app/backend/server.js
Line: 44
Old: res.status(201).json({ note: newNoteee });
New: res.status(201).json({ note });
-----------------------
[2026-03-31T08:50:27.012Z]
File: /home/dharshan/aidevops/app/backend/server.js
Line: 44
Old: res.status(201).json({ note: newNoteee });
New: res.status(201).json({ note: newNote });
-----------------------
[2026-03-31T08:53:58.147Z]
File: /home/dharshan/aidevops/app/backend/server.js
Line: 44
Old: res.status(201).json({ note: newNoteee });
New: res.status(201).json({ note });
-----------------------
[2026-03-31T08:55:48.140Z]
File: /home/dharshan/aidevops/app/backend/server.js
Line: 44
Old: res.status(201).json({ note: newNoteee });
New: res.status(201).json({ note: newNote });
-----------------------
[2026-03-31T13:52:19.032Z]
File: /home/dharshan/aidevops/app/backend/server.js
Line: 41
Old:     notes.push(newNoteee);
New: notes.push(newNote);
-----------------------
[2026-03-31T14:15:55.758Z]
File: /home/dharshan/aidevops/app/backend/services/notesService.js
Line: 18
Old:   notes.push(newNoteee);
New: notes.push(newNote);
-----------------------
[2026-03-31T14:18:02.385Z]
File: /home/dharshan/aidevops/app/backend/controllers/notesController.js
Line: 21
Old:     return res.status(201).json({ note: createdNotee });
New: return res.status(201).json({ note: createdNote });
-----------------------
[2026-03-31T14:22:24.999Z]
File: /home/dharshan/aidevops/app/backend/services/notesService.js
Line: 18
Old: notes.push(newNotee);
New: notes.push(newNote);
-----------------------
[2026-03-31T14:26:37.700Z]
File: /home/dharshan/aidevops/app/backend/controllers/notesController.js
Line: 21
Old: return res.status(201).json({ note: createdNotee });
New: return res.status(201).json({ note: createdNote });
-----------------------
